// Jest Snapshot v1, https://goo.gl/fbAQLP

exports[`Button компонент отображается корректно 1`] = `
<button
  className="sc-bdVaJa cTCHOq"
  data-testid="auth-btn"
  type="submit"
/>
`;
