// Jest Snapshot v1, https://goo.gl/fbAQLP

exports[`Input компонент отображается корректно 1`] = `
<input
  className="sc-bdVaJa hzUHky"
  id="id"
  placeholder="описание"
  type="text"
/>
`;
