// Jest Snapshot v1, https://goo.gl/fbAQLP

exports[`Heading компонент отображается корректно 1`] = `
<h2
  className="sc-bdVaJa kALlXQ"
>
  Заголовок
</h2>
`;
